Blazium Engine v0.5.0.dev (4.3.2.stable.custom_build).69ef9e8d5 (2026-04-04 14:43:36 UTC) - https://blazium.app

---  GUT  ---
[1m[INFO]:  [0musing [C:/Users/Bioblaze/AppData/Roaming/Blazium/app_userdata/JustAMCP Module Tests] for temporary output.
Godot version:  4.3.2
GUT version:  9.4.0
[4m

res://tests/test_analysis_tools.gd
[0m* test_analysis_tools
[1m1/1 passed.
[0m[4m

res://tests/test_animation_tools.gd
[0m* test_animation_tools
[33m    [Orphans]:  [0m2.0 new orphans in test.
[33m[Orphans]:  [0m2.0 new orphans in script.
[1m1/1 passed.
[0m[4m

res://tests/test_audio_tools.gd
[0m* test_audio_tools
[1m1/1 passed.
[0m[4m

res://tests/test_batch_tools.gd
[0m* test_batch_tools
[1m1/1 passed.
[0m[4m

res://tests/test_executor.gd
[0m* test_runtime_instantiation
* test_runtime_invalid_command
* test_execute_node_validation
[1m3/3 passed.
[0m[4m

res://tests/test_export_tools.gd
[0m* test_export_tools
[1m1/1 passed.
[0m[4m

res://tests/test_input_tools.gd
[0m* test_input_tools
[1m1/1 passed.
[0m[4m

res://tests/test_node_tools.gd
[0m* test_node_tools
..\blazium\bin\blazium.windows.editor.x86_64.console.exe : ERROR: Invalid 
owner. Owner must be an ancestor in the tree.
At line:1 char:1
+ ..\blazium\bin\blazium.windows.editor.x86_64.console.exe --headless - ...
+ ~~~~~~~~~~~~~~~~~~~~~~~~~~~~~~~~~~~~~~~~~~~~~~~~~~~~~~~~~~~~~~~~~~~~~
    + CategoryInfo          : NotSpecified: (ERROR: Invalid ...or in the tree 
   .:String) [], RemoteException
    + FullyQualifiedErrorId : NativeCommandError
 
   at: Node::set_owner (scene\main\node.cpp:2244)
ERROR: Invalid owner. Owner must be an ancestor in the tree.
   at: Node::set_owner (scene\main\node.cpp:2244)
ERROR: Invalid owner. Owner must be an ancestor in the tree.
   at: Node::set_owner (scene\main\node.cpp:2244)
[33m    [Orphans]:  [0m1.0 new orphan in test.
[33m[Orphans]:  [0m1.0 new orphan in script.
[33m[WARNING]:  [0mTest script has 2 unfreed children.  Increase log level for more details.
[1m1/1 passed.
[0m[4m

res://tests/test_particle_tools.gd
[0m* test_particle_tools
[1m1/1 passed.
[0m[4m

res://tests/test_physics_tools.gd
[0m* test_physics_tools
[1m1/1 passed.
[0m[4m

res://tests/test_profiling_tools.gd
[0m* test_profiling_tools
[1m1/1 passed.
[0m[4m

res://tests/test_project_tools.gd
[0m* test_project_tools
[1m1/1 passed.
[0m[4m

res://tests/test_resource_tools.gd
[0m* test_resource_tools
[1m1/1 passed.
[0m[4m

res://tests/test_runtime_coverage.gd
[0m* test_ping
* test_get_metrics
* test_capture_screenshot
* test_capture_viewport
* test_inject_inputs
* test_watch_signals
* test_get_tree_depth
[1m7/7 passed.
[0m[4m

res://tests/test_scene_3d_tools.gd
[0m* test_scene_3d_tools

================================================================
CrashHandlerException: Program crashed
Engine version: Blazium Engine v0.5.0.dev (4.3.2.stable.custom_build) 
(69ef9e8d518bbcc40a08118c76cf4e6677f324ad)
Dumping the backtrace. Please include this when reporting the bug to the 
project developer.
[0] <couldn't map PC to fn name>
[1] <couldn't map PC to fn name>
[2] <couldn't map PC to fn name>
[3] <couldn't map PC to fn name>
[4] <couldn't map PC to fn name>
[5] <couldn't map PC to fn name>
[6] <couldn't map PC to fn name>
[7] <couldn't map PC to fn name>
[8] <couldn't map PC to fn name>
[9] <couldn't map PC to fn name>
[10] <couldn't map PC to fn name>
[11] <couldn't map PC to fn name>
[12] <couldn't map PC to fn name>
[13] <couldn't map PC to fn name>
[14] <couldn't map PC to fn name>
[15] <couldn't map PC to fn name>
[16] <couldn't map PC to fn name>
[17] <couldn't map PC to fn name>
[18] <couldn't map PC to fn name>
[19] <couldn't map PC to fn name>
[20] <couldn't map PC to fn name>
[21] <couldn't map PC to fn name>
[22] <couldn't map PC to fn name>
[23] <couldn't map PC to fn name>
[24] <couldn't map PC to fn name>
[25] <couldn't map PC to fn name>
[26] <couldn't map PC to fn name>
[27] <couldn't map PC to fn name>
[28] <couldn't map PC to fn name>
[29] <couldn't map PC to fn name>
[30] <couldn't map PC to fn name>
[31] <couldn't map PC to fn name>
[32] <couldn't map PC to fn name>
[33] <couldn't map PC to fn name>
[34] <couldn't map PC to fn name>
[35] <couldn't map PC to fn name>
[36] <couldn't map PC to fn name>
[37] <couldn't map PC to fn name>
[38] <couldn't map PC to fn name>
[39] <couldn't map PC to fn name>
[40] <couldn't map PC to fn name>
[41] <couldn't map PC to fn name>
[42] <couldn't map PC to fn name>
[43] <couldn't map PC to fn name>
[44] <couldn't map PC to fn name>
[45] <couldn't map PC to fn name>
[46] <couldn't map PC to fn name>
[47] <couldn't map PC to fn name>
[48] <couldn't map PC to fn name>
[49] <couldn't map PC to fn name>
[50] <couldn't map PC to fn name>
[51] <couldn't map PC to fn name>
[52] <couldn't map PC to fn name>
[53] <couldn't map PC to fn name>
[54] <couldn't map PC to fn name>
[55] <couldn't map PC to fn name>
[56] <couldn't map PC to fn name>
[57] <couldn't map PC to fn name>
[58] <couldn't map PC to fn name>
-- END OF BACKTRACE --
================================================================
